Archive member included to satisfy reference by file (symbol)

c:/program files (x86)/atmel/studio/7.0/toolchain/avr8/avr8-gnu-toolchain/bin/../lib/gcc/avr/5.4.0/avr5\libgcc.a(_divmodhi4.o)
                              HAL/LCD/LCD.o (__divmodhi4)
c:/program files (x86)/atmel/studio/7.0/toolchain/avr8/avr8-gnu-toolchain/bin/../lib/gcc/avr/5.4.0/avr5\libgcc.a(_exit.o)
                              C:/Program Files (x86)/Atmel/Studio/7.0/Packs/Atmel/ATmega_DFP/2.1.506/gcc/dev/atmega32/avr5/crtatmega32.o (exit)
c:/program files (x86)/atmel/studio/7.0/toolchain/avr8/avr8-gnu-toolchain/bin/../lib/gcc/avr/5.4.0/avr5\libgcc.a(_copy_data.o)
                              main.o (__do_copy_data)
c:/program files (x86)/atmel/studio/7.0/toolchain/avr8/avr8-gnu-toolchain/bin/../lib/gcc/avr/5.4.0/avr5\libgcc.a(_udivmodhi4.o)
                              c:/program files (x86)/atmel/studio/7.0/toolchain/avr8/avr8-gnu-toolchain/bin/../lib/gcc/avr/5.4.0/avr5\libgcc.a(_divmodhi4.o) (__udivmodhi4)

Discarded input sections

 .data          0x00000000        0x0 C:/Program Files (x86)/Atmel/Studio/7.0/Packs/Atmel/ATmega_DFP/2.1.506/gcc/dev/atmega32/avr5/crtatmega32.o
 .bss           0x00000000        0x0 C:/Program Files (x86)/Atmel/Studio/7.0/Packs/Atmel/ATmega_DFP/2.1.506/gcc/dev/atmega32/avr5/crtatmega32.o
 .text          0x00000000        0x0 HAL/ADC/ADC.o
 .data          0x00000000        0x0 HAL/ADC/ADC.o
 .bss           0x00000000        0x0 HAL/ADC/ADC.o
 .text.ADC_init
                0x00000000       0x14 HAL/ADC/ADC.o
 .text.ADC_read
                0x00000000       0x2a HAL/ADC/ADC.o
 .debug_info    0x00000000      0x13f HAL/ADC/ADC.o
 .debug_abbrev  0x00000000       0xf6 HAL/ADC/ADC.o
 .debug_loc     0x00000000       0x89 HAL/ADC/ADC.o
 .debug_aranges
                0x00000000       0x28 HAL/ADC/ADC.o
 .debug_ranges  0x00000000       0x18 HAL/ADC/ADC.o
 .debug_line    0x00000000      0x156 HAL/ADC/ADC.o
 .debug_str     0x00000000      0x1f3 HAL/ADC/ADC.o
 .comment       0x00000000       0x31 HAL/ADC/ADC.o
 .debug_frame   0x00000000       0x34 HAL/ADC/ADC.o
 .text          0x00000000        0x0 HAL/Bulb/Bulb.o
 .data          0x00000000        0x0 HAL/Bulb/Bulb.o
 .bss           0x00000000        0x0 HAL/Bulb/Bulb.o
 .text.Bulb_on  0x00000000       0x5a HAL/Bulb/Bulb.o
 .text.Bulb_off
                0x00000000       0x5a HAL/Bulb/Bulb.o
 .debug_info    0x00000000       0xb9 HAL/Bulb/Bulb.o
 .debug_abbrev  0x00000000       0x7a HAL/Bulb/Bulb.o
 .debug_loc     0x00000000       0x4c HAL/Bulb/Bulb.o
 .debug_aranges
                0x00000000       0x28 HAL/Bulb/Bulb.o
 .debug_ranges  0x00000000       0x18 HAL/Bulb/Bulb.o
 .debug_line    0x00000000      0x166 HAL/Bulb/Bulb.o
 .debug_str     0x00000000      0x194 HAL/Bulb/Bulb.o
 .comment       0x00000000       0x31 HAL/Bulb/Bulb.o
 .debug_frame   0x00000000       0x34 HAL/Bulb/Bulb.o
 .text          0x00000000        0x0 HAL/Buzzer/Buzzer.o
 .data          0x00000000        0x0 HAL/Buzzer/Buzzer.o
 .bss           0x00000000        0x0 HAL/Buzzer/Buzzer.o
 .text.Buzzer   0x00000000        0xe HAL/Buzzer/Buzzer.o
 .debug_info    0x00000000       0x83 HAL/Buzzer/Buzzer.o
 .debug_abbrev  0x00000000       0x51 HAL/Buzzer/Buzzer.o
 .debug_aranges
                0x00000000       0x20 HAL/Buzzer/Buzzer.o
 .debug_ranges  0x00000000       0x10 HAL/Buzzer/Buzzer.o
 .debug_line    0x00000000       0xb2 HAL/Buzzer/Buzzer.o
 .debug_str     0x00000000      0x18e HAL/Buzzer/Buzzer.o
 .comment       0x00000000       0x31 HAL/Buzzer/Buzzer.o
 .debug_frame   0x00000000       0x24 HAL/Buzzer/Buzzer.o
 .text          0x00000000        0x0 HAL/DC Motor/DC Motor.o
 .data          0x00000000        0x0 HAL/DC Motor/DC Motor.o
 .bss           0x00000000        0x0 HAL/DC Motor/DC Motor.o
 .text.motor_start
                0x00000000        0xe HAL/DC Motor/DC Motor.o
 .text.motor_stop
                0x00000000       0x14 HAL/DC Motor/DC Motor.o
 .debug_info    0x00000000       0x99 HAL/DC Motor/DC Motor.o
 .debug_abbrev  0x00000000       0x51 HAL/DC Motor/DC Motor.o
 .debug_aranges
                0x00000000       0x28 HAL/DC Motor/DC Motor.o
 .debug_ranges  0x00000000       0x18 HAL/DC Motor/DC Motor.o
 .debug_line    0x00000000       0xd8 HAL/DC Motor/DC Motor.o
 .debug_str     0x00000000      0x1a2 HAL/DC Motor/DC Motor.o
 .comment       0x00000000       0x31 HAL/DC Motor/DC Motor.o
 .debug_frame   0x00000000       0x34 HAL/DC Motor/DC Motor.o
 .text          0x00000000        0x0 HAL/Dimmer/Dimmer.o
 .data          0x00000000        0x0 HAL/Dimmer/Dimmer.o
 .bss           0x00000000        0x0 HAL/Dimmer/Dimmer.o
 .text.Dimmer   0x00000000       0x1e HAL/Dimmer/Dimmer.o
 .debug_info    0x00000000       0x9c HAL/Dimmer/Dimmer.o
 .debug_abbrev  0x00000000       0x60 HAL/Dimmer/Dimmer.o
 .debug_loc     0x00000000       0x28 HAL/Dimmer/Dimmer.o
 .debug_aranges
                0x00000000       0x20 HAL/Dimmer/Dimmer.o
 .debug_ranges  0x00000000       0x10 HAL/Dimmer/Dimmer.o
 .debug_line    0x00000000       0xc4 HAL/Dimmer/Dimmer.o
 .debug_str     0x00000000      0x197 HAL/Dimmer/Dimmer.o
 .comment       0x00000000       0x31 HAL/Dimmer/Dimmer.o
 .debug_frame   0x00000000       0x24 HAL/Dimmer/Dimmer.o
 .text          0x00000000        0x0 HAL/Interrupt/Interrupt.o
 .data          0x00000000        0x0 HAL/Interrupt/Interrupt.o
 .bss           0x00000000        0x0 HAL/Interrupt/Interrupt.o
 .text.int1_init
                0x00000000       0x1c HAL/Interrupt/Interrupt.o
 .text.int0_init
                0x00000000       0x1c HAL/Interrupt/Interrupt.o
 .text          0x00000000        0x0 HAL/keypad/keypad.o
 .data          0x00000000        0x0 HAL/keypad/keypad.o
 .bss           0x00000000        0x0 HAL/keypad/keypad.o
 .text          0x00000000        0x0 HAL/LCD/LCD.o
 .data          0x00000000        0x0 HAL/LCD/LCD.o
 .bss           0x00000000        0x0 HAL/LCD/LCD.o
 .text.LCD_send_command
                0x00000000       0x2a HAL/LCD/LCD.o
 .text.LCD_send_data
                0x00000000       0x2a HAL/LCD/LCD.o
 .text.LCD_INIT
                0x00000000       0x42 HAL/LCD/LCD.o
 .text.LCD_send_string
                0x00000000       0x2c HAL/LCD/LCD.o
 .text.LCD_Shift_Right
                0x00000000        0x8 HAL/LCD/LCD.o
 .text.LCD_Shift_Left
                0x00000000        0x8 HAL/LCD/LCD.o
 .text.Int_ASC  0x00000000       0xc6 HAL/LCD/LCD.o
 .text          0x00000000        0x0 HAL/Servo/Servo.o
 .data          0x00000000        0x0 HAL/Servo/Servo.o
 .bss           0x00000000        0x0 HAL/Servo/Servo.o
 .text.Timer1_init
                0x00000000       0x32 HAL/Servo/Servo.o
 .text.Timer1_start
                0x00000000       0x14 HAL/Servo/Servo.o
 .text.Timer1_set_freq
                0x00000000       0x40 HAL/Servo/Servo.o
 .text.Timer1_set_direction
                0x00000000       0x2e HAL/Servo/Servo.o
 .text.Servo_init
                0x00000000       0x12 HAL/Servo/Servo.o
 .text.Servo_open
                0x00000000        0xa HAL/Servo/Servo.o
 .text.Servo_close
                0x00000000        0xa HAL/Servo/Servo.o
 .debug_info    0x00000000      0x1a6 HAL/Servo/Servo.o
 .debug_abbrev  0x00000000       0xce HAL/Servo/Servo.o
 .debug_loc     0x00000000       0xb0 HAL/Servo/Servo.o
 .debug_aranges
                0x00000000       0x50 HAL/Servo/Servo.o
 .debug_ranges  0x00000000       0x40 HAL/Servo/Servo.o
 .debug_line    0x00000000      0x19d HAL/Servo/Servo.o
 .debug_str     0x00000000      0x20a HAL/Servo/Servo.o
 .comment       0x00000000       0x31 HAL/Servo/Servo.o
 .debug_frame   0x00000000       0x84 HAL/Servo/Servo.o
 .text          0x00000000        0x0 HAL/SPI/SPI.o
 .data          0x00000000        0x0 HAL/SPI/SPI.o
 .bss           0x00000000        0x0 HAL/SPI/SPI.o
 .text.SPI_Read
                0x00000000        0xc HAL/SPI/SPI.o
 .text          0x00000000        0x0 HAL/UART/UART.o
 .data          0x00000000        0x0 HAL/UART/UART.o
 .bss           0x00000000        0x0 HAL/UART/UART.o
 .text.UART_sendchar
                0x00000000        0x8 HAL/UART/UART.o
 .text.UART_receivechar
                0x00000000        0x8 HAL/UART/UART.o
 .text.UART_sendString
                0x00000000       0x2c HAL/UART/UART.o
 .text          0x00000000        0x0 main.o
 .data          0x00000000        0x0 main.o
 .bss           0x00000000        0x0 main.o
 .text          0x00000000        0x0 MCAL/Menu.o
 .data          0x00000000        0x0 MCAL/Menu.o
 .bss           0x00000000        0x0 MCAL/Menu.o
 .text          0x00000000        0x0 c:/program files (x86)/atmel/studio/7.0/toolchain/avr8/avr8-gnu-toolchain/bin/../lib/gcc/avr/5.4.0/avr5\libgcc.a(_divmodhi4.o)
 .data          0x00000000        0x0 c:/program files (x86)/atmel/studio/7.0/toolchain/avr8/avr8-gnu-toolchain/bin/../lib/gcc/avr/5.4.0/avr5\libgcc.a(_divmodhi4.o)
 .bss           0x00000000        0x0 c:/program files (x86)/atmel/studio/7.0/toolchain/avr8/avr8-gnu-toolchain/bin/../lib/gcc/avr/5.4.0/avr5\libgcc.a(_divmodhi4.o)
 .text.libgcc.mul
                0x00000000        0x0 c:/program files (x86)/atmel/studio/7.0/toolchain/avr8/avr8-gnu-toolchain/bin/../lib/gcc/avr/5.4.0/avr5\libgcc.a(_divmodhi4.o)
 .text.libgcc.div
                0x00000000       0x28 c:/program files (x86)/atmel/studio/7.0/toolchain/avr8/avr8-gnu-toolchain/bin/../lib/gcc/avr/5.4.0/avr5\libgcc.a(_divmodhi4.o)
 .text.libgcc   0x00000000        0x0 c:/program files (x86)/atmel/studio/7.0/toolchain/avr8/avr8-gnu-toolchain/bin/../lib/gcc/avr/5.4.0/avr5\libgcc.a(_divmodhi4.o)
 .text.libgcc.prologue
                0x00000000        0x0 c:/program files (x86)/atmel/studio/7.0/toolchain/avr8/avr8-gnu-toolchain/bin/../lib/gcc/avr/5.4.0/avr5\libgcc.a(_divmodhi4.o)
 .text.libgcc.builtins
                0x00000000        0x0 c:/program files (x86)/atmel/studio/7.0/toolchain/avr8/avr8-gnu-toolchain/bin/../lib/gcc/avr/5.4.0/avr5\libgcc.a(_divmodhi4.o)
 .text.libgcc.fmul
                0x00000000        0x0 c:/program files (x86)/atmel/studio/7.0/toolchain/avr8/avr8-gnu-toolchain/bin/../lib/gcc/avr/5.4.0/avr5\libgcc.a(_divmodhi4.o)
 .text.libgcc.fixed
                0x00000000        0x0 c:/program files (x86)/atmel/studio/7.0/toolchain/avr8/avr8-gnu-toolchain/bin/../lib/gcc/avr/5.4.0/avr5\libgcc.a(_divmodhi4.o)
 .text          0x00000000        0x0 c:/program files (x86)/atmel/studio/7.0/toolchain/avr8/avr8-gnu-toolchain/bin/../lib/gcc/avr/5.4.0/avr5\libgcc.a(_exit.o)
 .data          0x00000000        0x0 c:/program files (x86)/atmel/studio/7.0/toolchain/avr8/avr8-gnu-toolchain/bin/../lib/gcc/avr/5.4.0/avr5\libgcc.a(_exit.o)
 .bss           0x00000000        0x0 c:/program files (x86)/atmel/studio/7.0/toolchain/avr8/avr8-gnu-toolchain/bin/../lib/gcc/avr/5.4.0/avr5\libgcc.a(_exit.o)
 .text.libgcc.mul
                0x00000000        0x0 c:/program files (x86)/atmel/studio/7.0/toolchain/avr8/avr8-gnu-toolchain/bin/../lib/gcc/avr/5.4.0/avr5\libgcc.a(_exit.o)
 .text.libgcc.div
                0x00000000        0x0 c:/program files (x86)/atmel/studio/7.0/toolchain/avr8/avr8-gnu-toolchain/bin/../lib/gcc/avr/5.4.0/avr5\libgcc.a(_exit.o)
 .text.libgcc   0x00000000        0x0 c:/program files (x86)/atmel/studio/7.0/toolchain/avr8/avr8-gnu-toolchain/bin/../lib/gcc/avr/5.4.0/avr5\libgcc.a(_exit.o)
 .text.libgcc.prologue
                0x00000000        0x0 c:/program files (x86)/atmel/studio/7.0/toolchain/avr8/avr8-gnu-toolchain/bin/../lib/gcc/avr/5.4.0/avr5\libgcc.a(_exit.o)
 .text.libgcc.builtins
                0x00000000        0x0 c:/program files (x86)/atmel/studio/7.0/toolchain/avr8/avr8-gnu-toolchain/bin/../lib/gcc/avr/5.4.0/avr5\libgcc.a(_exit.o)
 .text.libgcc.fmul
                0x00000000        0x0 c:/program files (x86)/atmel/studio/7.0/toolchain/avr8/avr8-gnu-toolchain/bin/../lib/gcc/avr/5.4.0/avr5\libgcc.a(_exit.o)
 .text.libgcc.fixed
                0x00000000        0x0 c:/program files (x86)/atmel/studio/7.0/toolchain/avr8/avr8-gnu-toolchain/bin/../lib/gcc/avr/5.4.0/avr5\libgcc.a(_exit.o)
 .text          0x00000000        0x0 c:/program files (x86)/atmel/studio/7.0/toolchain/avr8/avr8-gnu-toolchain/bin/../lib/gcc/avr/5.4.0/avr5\libgcc.a(_copy_data.o)
 .data          0x00000000        0x0 c:/program files (x86)/atmel/studio/7.0/toolchain/avr8/avr8-gnu-toolchain/bin/../lib/gcc/avr/5.4.0/avr5\libgcc.a(_copy_data.o)
 .bss           0x00000000        0x0 c:/program files (x86)/atmel/studio/7.0/toolchain/avr8/avr8-gnu-toolchain/bin/../lib/gcc/avr/5.4.0/avr5\libgcc.a(_copy_data.o)
 .text.libgcc.mul
                0x00000000        0x0 c:/program files (x86)/atmel/studio/7.0/toolchain/avr8/avr8-gnu-toolchain/bin/../lib/gcc/avr/5.4.0/avr5\libgcc.a(_copy_data.o)
 .text.libgcc.div
                0x00000000        0x0 c:/program files (x86)/atmel/studio/7.0/toolchain/avr8/avr8-gnu-toolchain/bin/../lib/gcc/avr/5.4.0/avr5\libgcc.a(_copy_data.o)
 .text.libgcc   0x00000000        0x0 c:/program files (x86)/atmel/studio/7.0/toolchain/avr8/avr8-gnu-toolchain/bin/../lib/gcc/avr/5.4.0/avr5\libgcc.a(_copy_data.o)
 .text.libgcc.prologue
                0x00000000        0x0 c:/program files (x86)/atmel/studio/7.0/toolchain/avr8/avr8-gnu-toolchain/bin/../lib/gcc/avr/5.4.0/avr5\libgcc.a(_copy_data.o)
 .text.libgcc.builtins
                0x00000000        0x0 c:/program files (x86)/atmel/studio/7.0/toolchain/avr8/avr8-gnu-toolchain/bin/../lib/gcc/avr/5.4.0/avr5\libgcc.a(_copy_data.o)
 .text.libgcc.fmul
                0x00000000        0x0 c:/program files (x86)/atmel/studio/7.0/toolchain/avr8/avr8-gnu-toolchain/bin/../lib/gcc/avr/5.4.0/avr5\libgcc.a(_copy_data.o)
 .text.libgcc.fixed
                0x00000000        0x0 c:/program files (x86)/atmel/studio/7.0/toolchain/avr8/avr8-gnu-toolchain/bin/../lib/gcc/avr/5.4.0/avr5\libgcc.a(_copy_data.o)
 .text          0x00000000        0x0 c:/program files (x86)/atmel/studio/7.0/toolchain/avr8/avr8-gnu-toolchain/bin/../lib/gcc/avr/5.4.0/avr5\libgcc.a(_udivmodhi4.o)
 .data          0x00000000        0x0 c:/program files (x86)/atmel/studio/7.0/toolchain/avr8/avr8-gnu-toolchain/bin/../lib/gcc/avr/5.4.0/avr5\libgcc.a(_udivmodhi4.o)
 .bss           0x00000000        0x0 c:/program files (x86)/atmel/studio/7.0/toolchain/avr8/avr8-gnu-toolchain/bin/../lib/gcc/avr/5.4.0/avr5\libgcc.a(_udivmodhi4.o)
 .text.libgcc.mul
                0x00000000        0x0 c:/program files (x86)/atmel/studio/7.0/toolchain/avr8/avr8-gnu-toolchain/bin/../lib/gcc/avr/5.4.0/avr5\libgcc.a(_udivmodhi4.o)
 .text.libgcc.div
                0x00000000       0x28 c:/program files (x86)/atmel/studio/7.0/toolchain/avr8/avr8-gnu-toolchain/bin/../lib/gcc/avr/5.4.0/avr5\libgcc.a(_udivmodhi4.o)
 .text.libgcc   0x00000000        0x0 c:/program files (x86)/atmel/studio/7.0/toolchain/avr8/avr8-gnu-toolchain/bin/../lib/gcc/avr/5.4.0/avr5\libgcc.a(_udivmodhi4.o)
 .text.libgcc.prologue
                0x00000000        0x0 c:/program files (x86)/atmel/studio/7.0/toolchain/avr8/avr8-gnu-toolchain/bin/../lib/gcc/avr/5.4.0/avr5\libgcc.a(_udivmodhi4.o)
 .text.libgcc.builtins
                0x00000000        0x0 c:/program files (x86)/atmel/studio/7.0/toolchain/avr8/avr8-gnu-toolchain/bin/../lib/gcc/avr/5.4.0/avr5\libgcc.a(_udivmodhi4.o)
 .text.libgcc.fmul
                0x00000000        0x0 c:/program files (x86)/atmel/studio/7.0/toolchain/avr8/avr8-gnu-toolchain/bin/../lib/gcc/avr/5.4.0/avr5\libgcc.a(_udivmodhi4.o)
 .text.libgcc.fixed
                0x00000000        0x0 c:/program files (x86)/atmel/studio/7.0/toolchain/avr8/avr8-gnu-toolchain/bin/../lib/gcc/avr/5.4.0/avr5\libgcc.a(_udivmodhi4.o)

Memory Configuration

Name             Origin             Length             Attributes
text             0x00000000         0x00008000         xr
data             0x00800060         0x00000800         rw !x
eeprom           0x00810000         0x00000400         rw !x
fuse             0x00820000         0x00000002         rw !x
lock             0x00830000         0x00000400         rw !x
signature        0x00840000         0x00000400         rw !x
user_signatures  0x00850000         0x00000400         rw !x
*default*        0x00000000         0xffffffff

Linker script and memory map

LOAD C:/Program Files (x86)/Atmel/Studio/7.0/Packs/Atmel/ATmega_DFP/2.1.506/gcc/dev/atmega32/avr5/crtatmega32.o
LOAD HAL/ADC/ADC.o
LOAD HAL/Bulb/Bulb.o
LOAD HAL/Buzzer/Buzzer.o
LOAD HAL/DC Motor/DC Motor.o
LOAD HAL/Dimmer/Dimmer.o
LOAD HAL/Interrupt/Interrupt.o
LOAD HAL/keypad/keypad.o
LOAD HAL/LCD/LCD.o
LOAD HAL/Servo/Servo.o
LOAD HAL/SPI/SPI.o
LOAD HAL/UART/UART.o
LOAD main.o
LOAD MCAL/Menu.o
START GROUP
LOAD c:/program files (x86)/atmel/studio/7.0/toolchain/avr8/avr8-gnu-toolchain/bin/../lib/gcc/avr/5.4.0/../../../../avr/lib/avr5\libm.a
END GROUP
START GROUP
LOAD c:/program files (x86)/atmel/studio/7.0/toolchain/avr8/avr8-gnu-toolchain/bin/../lib/gcc/avr/5.4.0/avr5\libgcc.a
LOAD c:/program files (x86)/atmel/studio/7.0/toolchain/avr8/avr8-gnu-toolchain/bin/../lib/gcc/avr/5.4.0/../../../../avr/lib/avr5\libm.a
LOAD c:/program files (x86)/atmel/studio/7.0/toolchain/avr8/avr8-gnu-toolchain/bin/../lib/gcc/avr/5.4.0/../../../../avr/lib/avr5\libc.a
LOAD C:/Program Files (x86)/Atmel/Studio/7.0/Packs/Atmel/ATmega_DFP/2.1.506/gcc/dev/atmega32/avr5\libatmega32.a
END GROUP
                0x00000000                __TEXT_REGION_ORIGIN__ = DEFINED (__TEXT_REGION_ORIGIN__)?__TEXT_REGION_ORIGIN__:0x0
                [0x00800060]                __DATA_REGION_ORIGIN__ = DEFINED (__DATA_REGION_ORIGIN__)?__DATA_REGION_ORIGIN__:0x800060
                [0x00008000]                __TEXT_REGION_LENGTH__ = DEFINED (__TEXT_REGION_LENGTH__)?__TEXT_REGION_LENGTH__:0x20000
                [0x00000800]                __DATA_REGION_LENGTH__ = DEFINED (__DATA_REGION_LENGTH__)?__DATA_REGION_LENGTH__:0xffa0
                [0x00000400]                __EEPROM_REGION_LENGTH__ = DEFINED (__EEPROM_REGION_LENGTH__)?__EEPROM_REGION_LENGTH__:0x10000
                [0x00000002]                __FUSE_REGION_LENGTH__ = DEFINED (__FUSE_REGION_LENGTH__)?__FUSE_REGION_LENGTH__:0x400
                0x00000400                __LOCK_REGION_LENGTH__ = DEFINED (__LOCK_REGION_LENGTH__)?__LOCK_REGION_LENGTH__:0x400
                0x00000400                __SIGNATURE_REGION_LENGTH__ = DEFINED (__SIGNATURE_REGION_LENGTH__)?__SIGNATURE_REGION_LENGTH__:0x400
                0x00000400                __USER_SIGNATURE_REGION_LENGTH__ = DEFINED (__USER_SIGNATURE_REGION_LENGTH__)?__USER_SIGNATURE_REGION_LENGTH__:0x400

.hash
 *(.hash)

.dynsym
 *(.dynsym)

.dynstr
 *(.dynstr)

.gnu.version
 *(.gnu.version)

.gnu.version_d
 *(.gnu.version_d)

.gnu.version_r
 *(.gnu.version_r)

.rel.init
 *(.rel.init)

.rela.init
 *(.rela.init)

.rel.text
 *(.rel.text)
 *(.rel.text.*)
 *(.rel.gnu.linkonce.t*)

.rela.text
 *(.rela.text)
 *(.rela.text.*)
 *(.rela.gnu.linkonce.t*)

.rel.fini
 *(.rel.fini)

.rela.fini
 *(.rela.fini)

.rel.rodata
 *(.rel.rodata)
 *(.rel.rodata.*)
 *(.rel.gnu.linkonce.r*)

.rela.rodata
 *(.rela.rodata)
 *(.rela.rodata.*)
 *(.rela.gnu.linkonce.r*)

.rel.data
 *(.rel.data)
 *(.rel.data.*)
 *(.rel.gnu.linkonce.d*)

.rela.data
 *(.rela.data)
 *(.rela.data.*)
 *(.rela.gnu.linkonce.d*)

.rel.ctors
 *(.rel.ctors)

.rela.ctors
 *(.rela.ctors)

.rel.dtors
 *(.rel.dtors)

.rela.dtors
 *(.rela.dtors)

.rel.got
 *(.rel.got)

.rela.got
 *(.rela.got)

.rel.bss
 *(.rel.bss)

.rela.bss
 *(.rela.bss)

.rel.plt
 *(.rel.plt)

.rela.plt
 *(.rela.plt)

.text           0x00000000      0x7d2
 *(.vectors)
 .vectors       0x00000000       0x54 C:/Program Files (x86)/Atmel/Studio/7.0/Packs/Atmel/ATmega_DFP/2.1.506/gcc/dev/atmega32/avr5/crtatmega32.o
                0x00000000                __vector_default
                0x00000000                __vectors
 *(.vectors)
 *(.progmem.gcc*)
                0x00000054                . = ALIGN (0x2)
                0x00000054                __trampolines_start = .
 *(.trampolines)
 .trampolines   0x00000054        0x0 linker stubs
 *(.trampolines*)
                0x00000054                __trampolines_end = .
 *libprintf_flt.a:*(.progmem.data)
 *libc.a:*(.progmem.data)
 *(.progmem*)
                0x00000054                . = ALIGN (0x2)
 *(.jumptables)
 *(.jumptables*)
 *(.lowtext)
 *(.lowtext*)
                0x00000054                __ctors_start = .
 *(.ctors)
                0x00000054                __ctors_end = .
                0x00000054                __dtors_start = .
 *(.dtors)
                0x00000054                __dtors_end = .
 SORT(*)(.ctors)
 SORT(*)(.dtors)
 *(.init0)
 .init0         0x00000054        0x0 C:/Program Files (x86)/Atmel/Studio/7.0/Packs/Atmel/ATmega_DFP/2.1.506/gcc/dev/atmega32/avr5/crtatmega32.o
                0x00000054                __init
 *(.init0)
 *(.init1)
 *(.init1)
 *(.init2)
 .init2         0x00000054        0xc C:/Program Files (x86)/Atmel/Studio/7.0/Packs/Atmel/ATmega_DFP/2.1.506/gcc/dev/atmega32/avr5/crtatmega32.o
 *(.init2)
 *(.init3)
 *(.init3)
 *(.init4)
 .init4         0x00000060       0x16 c:/program files (x86)/atmel/studio/7.0/toolchain/avr8/avr8-gnu-toolchain/bin/../lib/gcc/avr/5.4.0/avr5\libgcc.a(_copy_data.o)
                0x00000060                __do_copy_data
 *(.init4)
 *(.init5)
 *(.init5)
 *(.init6)
 *(.init6)
 *(.init7)
 *(.init7)
 *(.init8)
 *(.init8)
 *(.init9)
 .init9         0x00000076        0x8 C:/Program Files (x86)/Atmel/Studio/7.0/Packs/Atmel/ATmega_DFP/2.1.506/gcc/dev/atmega32/avr5/crtatmega32.o
 *(.init9)
 *(.text)
 .text          0x0000007e        0x4 C:/Program Files (x86)/Atmel/Studio/7.0/Packs/Atmel/ATmega_DFP/2.1.506/gcc/dev/atmega32/avr5/crtatmega32.o
                0x0000007e                __vector_12
                0x0000007e                __bad_interrupt
                0x0000007e                __vector_6
                0x0000007e                __vector_3
                0x0000007e                __vector_11
                0x0000007e                __vector_13
                0x0000007e                __vector_17
                0x0000007e                __vector_19
                0x0000007e                __vector_7
                0x0000007e                __vector_5
                0x0000007e                __vector_4
                0x0000007e                __vector_9
                0x0000007e                __vector_15
                0x0000007e                __vector_8
                0x0000007e                __vector_14
                0x0000007e                __vector_10
                0x0000007e                __vector_16
                0x0000007e                __vector_18
                0x0000007e                __vector_20
                0x00000082                . = ALIGN (0x2)
 *(.text.*)
 .text.__vector_2
                0x00000082       0x52 HAL/Interrupt/Interrupt.o
                0x00000082                __vector_2
 .text.__vector_1
                0x000000d4       0x1e HAL/Interrupt/Interrupt.o
                0x000000d4                __vector_1
 .text.keypad_init
                0x000000f2       0x4a HAL/keypad/keypad.o
                0x000000f2                keypad_init
 .text.switch_output
                0x0000013c       0x82 HAL/keypad/keypad.o
                0x0000013c                switch_output
 .text.get_key_value
                0x000001be      0x100 HAL/keypad/keypad.o
                0x000001be                get_key_value
 .text.LCD_send_data_4bit
                0x000002be       0x60 HAL/LCD/LCD.o
                0x000002be                LCD_send_data_4bit
 .text.LCD_send_command_4bit
                0x0000031e       0x60 HAL/LCD/LCD.o
                0x0000031e                LCD_send_command_4bit
 .text.LCD_Next_Line
                0x0000037e        0x8 HAL/LCD/LCD.o
                0x0000037e                LCD_Next_Line
 .text.LCD_Clear
                0x00000386        0x8 HAL/LCD/LCD.o
                0x00000386                LCD_Clear
 .text.LCD_Home
                0x0000038e        0x8 HAL/LCD/LCD.o
                0x0000038e                LCD_Home
 .text.LCD_INIT_4bit
                0x00000396       0x44 HAL/LCD/LCD.o
                0x00000396                LCD_INIT_4bit
 .text.LCD_send_string_4bit
                0x000003da       0x2c HAL/LCD/LCD.o
                0x000003da                LCD_send_string_4bit
 .text.SPI_Init
                0x00000406       0x24 HAL/SPI/SPI.o
                0x00000406                SPI_Init
 .text.SPI_Write
                0x0000042a        0x8 HAL/SPI/SPI.o
                0x0000042a                SPI_Write
 .text.UART_INIT
                0x00000432       0x12 HAL/UART/UART.o
                0x00000432                UART_INIT
 .text.main     0x00000444       0x52 main.o
                0x00000444                main
 .text.get_answer
                0x00000496       0x30 MCAL/Menu.o
                0x00000496                get_answer
 .text.menu     0x000004c6      0x308 MCAL/Menu.o
                0x000004c6                menu
                0x000007ce                . = ALIGN (0x2)
 *(.fini9)
 .fini9         0x000007ce        0x0 c:/program files (x86)/atmel/studio/7.0/toolchain/avr8/avr8-gnu-toolchain/bin/../lib/gcc/avr/5.4.0/avr5\libgcc.a(_exit.o)
                0x000007ce                _exit
                0x000007ce                exit
 *(.fini9)
 *(.fini8)
 *(.fini8)
 *(.fini7)
 *(.fini7)
 *(.fini6)
 *(.fini6)
 *(.fini5)
 *(.fini5)
 *(.fini4)
 *(.fini4)
 *(.fini3)
 *(.fini3)
 *(.fini2)
 *(.fini2)
 *(.fini1)
 *(.fini1)
 *(.fini0)
 .fini0         0x000007ce        0x4 c:/program files (x86)/atmel/studio/7.0/toolchain/avr8/avr8-gnu-toolchain/bin/../lib/gcc/avr/5.4.0/avr5\libgcc.a(_exit.o)
 *(.fini0)
                0x000007d2                _etext = .

.data           0x00800060       0xe2 load address 0x000007d2
                0x00800060                PROVIDE (__data_start, .)
 *(.data)
 *(.data*)
 *(.gnu.linkonce.d*)
 *(.rodata)
 *(.rodata*)
 .rodata.str1.1
                0x00800060       0x11 main.o
 .rodata.str1.1
                0x00800071       0xd1 MCAL/Menu.o
                                 0xd7 (size before relaxing)
 *(.gnu.linkonce.r*)
                0x00800142                . = ALIGN (0x2)
                0x00800142                _edata = .
                0x00800142                PROVIDE (__data_end, .)

.bss            0x00800142        0x0
                [!provide]                PROVIDE (__bss_start, .)
 *(.bss)
 *(.bss*)
 *(COMMON)
                [!provide]                PROVIDE (__bss_end, .)
                0x000007d2                __data_load_start = LOADADDR (.data)
                0x000008b4                __data_load_end = (__data_load_start + SIZEOF (.data))

.noinit         0x00800142        0x0
                [!provide]                PROVIDE (__noinit_start, .)
 *(.noinit*)
                [!provide]                PROVIDE (__noinit_end, .)
                0x00800142                _end = .
                [!provide]                PROVIDE (__heap_start, .)

.eeprom         0x00810000        0x0
 *(.eeprom*)
                0x00810000                __eeprom_end = .

.fuse
 *(.fuse)
 *(.lfuse)
 *(.hfuse)
 *(.efuse)

.lock
 *(.lock*)

.signature
 *(.signature*)

.user_signatures
 *(.user_signatures*)

.stab
 *(.stab)

.stabstr
 *(.stabstr)

.stab.excl
 *(.stab.excl)

.stab.exclstr
 *(.stab.exclstr)

.stab.index
 *(.stab.index)

.stab.indexstr
 *(.stab.indexstr)

.comment        0x00000000       0x30
 *(.comment)
 .comment       0x00000000       0x30 HAL/Interrupt/Interrupt.o
                                 0x31 (size before relaxing)
 .comment       0x00000030       0x31 HAL/keypad/keypad.o
 .comment       0x00000030       0x31 HAL/LCD/LCD.o
 .comment       0x00000030       0x31 HAL/SPI/SPI.o
 .comment       0x00000030       0x31 HAL/UART/UART.o
 .comment       0x00000030       0x31 main.o
 .comment       0x00000030       0x31 MCAL/Menu.o

.note.gnu.avr.deviceinfo
                0x00000000       0x3c
 .note.gnu.avr.deviceinfo
                0x00000000       0x3c C:/Program Files (x86)/Atmel/Studio/7.0/Packs/Atmel/ATmega_DFP/2.1.506/gcc/dev/atmega32/avr5/crtatmega32.o

.note.gnu.build-id
 *(.note.gnu.build-id)

.debug
 *(.debug)

.line
 *(.line)

.debug_srcinfo
 *(.debug_srcinfo)

.debug_sfnames
 *(.debug_sfnames)

.debug_aranges  0x00000000      0x1a0
 *(.debug_aranges)
 .debug_aranges
                0x00000000       0x38 HAL/Interrupt/Interrupt.o
 .debug_aranges
                0x00000038       0x30 HAL/keypad/keypad.o
 .debug_aranges
                0x00000068       0x88 HAL/LCD/LCD.o
 .debug_aranges
                0x000000f0       0x30 HAL/SPI/SPI.o
 .debug_aranges
                0x00000120       0x38 HAL/UART/UART.o
 .debug_aranges
                0x00000158       0x20 main.o
 .debug_aranges
                0x00000178       0x28 MCAL/Menu.o

.debug_pubnames
 *(.debug_pubnames)

.debug_info     0x00000000     0x1b75
 *(.debug_info .gnu.linkonce.wi.*)
 .debug_info    0x00000000      0x4e6 C:/Program Files (x86)/Atmel/Studio/7.0/Packs/Atmel/ATmega_DFP/2.1.506/gcc/dev/atmega32/avr5/crtatmega32.o
 .debug_info    0x000004e6      0x155 HAL/Interrupt/Interrupt.o
 .debug_info    0x0000063b      0x149 HAL/keypad/keypad.o
 .debug_info    0x00000784      0x788 HAL/LCD/LCD.o
 .debug_info    0x00000f0c       0xca HAL/SPI/SPI.o
 .debug_info    0x00000fd6      0x12a HAL/UART/UART.o
 .debug_info    0x00001100      0x211 main.o
 .debug_info    0x00001311      0x864 MCAL/Menu.o

.debug_abbrev   0x00000000      0xb84
 *(.debug_abbrev)
 .debug_abbrev  0x00000000      0x4a3 C:/Program Files (x86)/Atmel/Studio/7.0/Packs/Atmel/ATmega_DFP/2.1.506/gcc/dev/atmega32/avr5/crtatmega32.o
 .debug_abbrev  0x000004a3       0xf6 HAL/Interrupt/Interrupt.o
 .debug_abbrev  0x00000599       0xc9 HAL/keypad/keypad.o
 .debug_abbrev  0x00000662      0x1a0 HAL/LCD/LCD.o
 .debug_abbrev  0x00000802       0x90 HAL/SPI/SPI.o
 .debug_abbrev  0x00000892       0xc6 HAL/UART/UART.o
 .debug_abbrev  0x00000958       0xf3 main.o
 .debug_abbrev  0x00000a4b      0x139 MCAL/Menu.o

.debug_line     0x00000000     0x12fc
 *(.debug_line .debug_line.* .debug_line_end)
 .debug_line    0x00000000      0x116 C:/Program Files (x86)/Atmel/Studio/7.0/Packs/Atmel/ATmega_DFP/2.1.506/gcc/dev/atmega32/avr5/crtatmega32.o
 .debug_line    0x00000116      0x1c7 HAL/Interrupt/Interrupt.o
 .debug_line    0x000002dd      0x331 HAL/keypad/keypad.o
 .debug_line    0x0000060e      0x470 HAL/LCD/LCD.o
 .debug_line    0x00000a7e      0x116 HAL/SPI/SPI.o
 .debug_line    0x00000b94      0x134 HAL/UART/UART.o
 .debug_line    0x00000cc8      0x169 main.o
 .debug_line    0x00000e31      0x4cb MCAL/Menu.o

.debug_frame    0x00000000      0x320
 *(.debug_frame)
 .debug_frame   0x00000000       0x88 HAL/Interrupt/Interrupt.o
 .debug_frame   0x00000088       0x54 HAL/keypad/keypad.o
 .debug_frame   0x000000dc      0x138 HAL/LCD/LCD.o
 .debug_frame   0x00000214       0x44 HAL/SPI/SPI.o
 .debug_frame   0x00000258       0x68 HAL/UART/UART.o
 .debug_frame   0x000002c0       0x24 main.o
 .debug_frame   0x000002e4       0x3c MCAL/Menu.o

.debug_str      0x00000000      0x563
 *(.debug_str)
 .debug_str     0x00000000      0x196 C:/Program Files (x86)/Atmel/Studio/7.0/Packs/Atmel/ATmega_DFP/2.1.506/gcc/dev/atmega32/avr5/crtatmega32.o
 .debug_str     0x00000196      0x1ce HAL/Interrupt/Interrupt.o
                                0x202 (size before relaxing)
 .debug_str     0x00000364       0x3f HAL/keypad/keypad.o
                                0x1b4 (size before relaxing)
 .debug_str     0x000003a3      0x101 HAL/LCD/LCD.o
                                0x2c6 (size before relaxing)
 .debug_str     0x000004a4       0x2d HAL/SPI/SPI.o
                                0x1a7 (size before relaxing)
 .debug_str     0x000004d1       0x51 HAL/UART/UART.o
                                0x1d1 (size before relaxing)
 .debug_str     0x00000522       0x16 main.o
                                0x21e (size before relaxing)
 .debug_str     0x00000538       0x2b MCAL/Menu.o
                                0x244 (size before relaxing)

.debug_loc      0x00000000      0xf0b
 *(.debug_loc)
 .debug_loc     0x00000000      0x118 HAL/Interrupt/Interrupt.o
 .debug_loc     0x00000118      0x18f HAL/keypad/keypad.o
 .debug_loc     0x000002a7      0x64a HAL/LCD/LCD.o
 .debug_loc     0x000008f1       0xa3 HAL/UART/UART.o
 .debug_loc     0x00000994       0x90 main.o
 .debug_loc     0x00000a24      0x4e7 MCAL/Menu.o

.debug_macinfo
 *(.debug_macinfo)

.debug_weaknames
 *(.debug_weaknames)

.debug_funcnames
 *(.debug_funcnames)

.debug_typenames
 *(.debug_typenames)

.debug_varnames
 *(.debug_varnames)

.debug_pubtypes
 *(.debug_pubtypes)

.debug_ranges   0x00000000      0x130
 *(.debug_ranges)
 .debug_ranges  0x00000000       0x28 HAL/Interrupt/Interrupt.o
 .debug_ranges  0x00000028       0x20 HAL/keypad/keypad.o
 .debug_ranges  0x00000048       0x78 HAL/LCD/LCD.o
 .debug_ranges  0x000000c0       0x20 HAL/SPI/SPI.o
 .debug_ranges  0x000000e0       0x28 HAL/UART/UART.o
 .debug_ranges  0x00000108       0x10 main.o
 .debug_ranges  0x00000118       0x18 MCAL/Menu.o

.debug_macro
 *(.debug_macro)
OUTPUT(Smart Home Project.elf elf32-avr)
LOAD linker stubs
